// Jest Snapshot v1, https://goo.gl/fbAQLP

exports[`<FilteredList> renders without exploding 1`] = `
<div>
  <label
    className="FilteredList--filterWrapper"
  >
    <IoIosSearch
      className="FilteredList--filterIcon"
    />
    <input
      className="FilteredList--filterInput"
      onChange={[Function]}
      onKeyDown={[Function]}
      placeholder="Filter..."
      type="text"
      value=""
    />
  </label>
  <List
    className="FilteredList--list u-simple-scrollbars"
    direction="ltr"
    height={375}
    itemCount={6}
    itemData={
      Object {
        "focusedIndex": null,
        "highlightQuery": "",
        "options": Array [
          "and",
          "apples",
          "are",
          "0",
          "1",
          "2",
        ],
        "selectedValue": null,
        "setValue": [Function],
      }
    }
    itemSize={35}
    key=""
    layout="vertical"
    onItemsRendered={[Function]}
    onScroll={[Function]}
    overscanCount={25}
    useIsScrolling={false}
    width={650}
  >
    <Component />
  </List>
</div>
`;
